// Jest Snapshot v1, https://goo.gl/fbAQLP

exports[`Render Portfolio Detail 1`] = `
<div>
  <section
    class="bg-dark pb50 text-left"
  >
    <div
      class="container"
    >
      <div
        class="row"
      >
        <svg
          aria-labelledby="vj0ycm-aria"
          role="img"
          viewBox="0 0 700 300"
        >
          <title
            id="vj0ycm-aria"
          >
            Loading...
          </title>
          <rect
            clip-path="url(#vj0ycm-diff)"
            height="100%"
            role="presentation"
            style="fill: url(#vj0ycm-animated-diff);"
            width="100%"
            x="0"
            y="0"
          />
          <defs>
            <clippath
              id="vj0ycm-diff"
            >
              <rect
                height="32"
                rx="14"
                ry="14"
                width="72"
                x="376"
                y="253"
              />
              <rect
                height="416"
                rx="16"
                ry="16"
                width="274"
                x="55"
                y="42"
              />
              <rect
                height="10"
                rx="3"
                ry="3"
                width="231"
                x="376"
                y="101"
              />
              <rect
                height="10"
                rx="3"
                ry="3"
                width="150"
                x="376"
                y="121"
              />
              <rect
                height="10"
                rx="3"
                ry="3"
                width="231"
                x="376"
                y="81"
              />
              <rect
                height="29"
                rx="3"
                ry="3"
                width="231"
                x="376"
                y="41"
              />
              <rect
                height="29"
                rx="3"
                ry="3"
                width="231"
                x="376"
                y="140"
              />
              <rect
                height="10"
                rx="3"
                ry="3"
                width="150"
                x="376"
                y="180"
              />
              <rect
                height="10"
                rx="3"
                ry="3"
                width="100"
                x="376"
                y="200"
              />
              <rect
                height="10"
                rx="3"
                ry="3"
                width="150"
                x="376"
                y="220"
              />
            </clippath>
            <lineargradient
              id="vj0ycm-animated-diff"
            >
              <stop
                offset="0%"
                stop-color="#111111"
                stop-opacity="1"
              >
                <animate
                  attributeName="offset"
                  dur="1.2s"
                  keyTimes="0; 0.25; 1"
                  repeatCount="indefinite"
                  values="-2; -2; 1"
                />
              </stop>
              <stop
                offset="50%"
                stop-color="#000000"
                stop-opacity="1"
              >
                <animate
                  attributeName="offset"
                  dur="1.2s"
                  keyTimes="0; 0.25; 1"
                  repeatCount="indefinite"
                  values="-1; -1; 2"
                />
              </stop>
              <stop
                offset="100%"
                stop-color="#111111"
                stop-opacity="1"
              >
                <animate
                  attributeName="offset"
                  dur="1.2s"
                  keyTimes="0; 0.25; 1"
                  repeatCount="indefinite"
                  values="0; 0; 3"
                />
              </stop>
            </lineargradient>
          </defs>
        </svg>
      </div>
    </div>
  </section>
</div>
`;
